app/[lang]/about/page.tsx(8,32): error TS6137: Cannot import type declaration files. Consider importing 'PageProps' instead of '@types/PageProps'.
app/[lang]/about/sections/ProjectCard.tsx(7,37): error TS6137: Cannot import type declaration files. Consider importing 'PageProps' instead of '@types/PageProps'.
app/[lang]/about/sections/ProjectSection.tsx(3,37): error TS6137: Cannot import type declaration files. Consider importing 'PageProps' instead of '@types/PageProps'.
app/[lang]/about/sections/SkillsSection.tsx(2,28): error TS2307: Cannot find module 'app/(pages)/about/sections/organisms/SkillIcons' or its corresponding type declarations.
app/[lang]/contact/page.tsx(2,32): error TS6137: Cannot import type declaration files. Consider importing 'PageProps' instead of '@types/PageProps'.
app/[lang]/layout.tsx(12,32): error TS6137: Cannot import type declaration files. Consider importing 'PageProps' instead of '@types/PageProps'.
app/[lang]/page.tsx(3,32): error TS6137: Cannot import type declaration files. Consider importing 'PageProps' instead of '@types/PageProps'.
app/[lang]/portfolio/page.tsx(5,32): error TS6137: Cannot import type declaration files. Consider importing 'PageProps' instead of '@types/PageProps'.
app/[lang]/sections/HeroSection.tsx(5,47): error TS6137: Cannot import type declaration files. Consider importing 'PageProps' instead of '@types/PageProps'.
app/[lang]/sections/OfferSection.tsx(4,32): error TS6137: Cannot import type declaration files. Consider importing 'PageProps' instead of '@types/PageProps'.
app/[lang]/services/[service]/page.tsx(9,28): error TS2307: Cannot find module 'app/layout' or its corresponding type declarations.
app/[lang]/services/[service]/page.tsx(10,39): error TS6137: Cannot import type declaration files. Consider importing 'PageProps' instead of '@types/PageProps'.
app/[lang]/services/page.tsx(1,36): error TS2307: Cannot find module 'app/(pages)/services/sections/ServicePageContent' or its corresponding type declarations.
app/[lang]/services/page.tsx(2,32): error TS6137: Cannot import type declaration files. Consider importing 'PageProps' instead of '@types/PageProps'.
app/[lang]/services/sections/ServicePageContent.tsx(8,47): error TS6137: Cannot import type declaration files. Consider importing 'PageProps' instead of '@types/PageProps'.
components/atoms/Buttons.tsx(3,34): error TS6137: Cannot import type declaration files. Consider importing 'PageProps' instead of '@types/PageProps'.
components/molecyles/Sections.tsx(8,37): error TS6137: Cannot import type declaration files. Consider importing 'PageProps' instead of '@types/PageProps'.
components/ui/cookies/CookiePopup.tsx(8,37): error TS6137: Cannot import type declaration files. Consider importing 'PageProps' instead of '@types/PageProps'.
components/ui/footer/Footer.tsx(2,37): error TS6137: Cannot import type declaration files. Consider importing 'PageProps' instead of '@types/PageProps'.
components/ui/navigation/navbar/NavBar.tsx(3,47): error TS6137: Cannot import type declaration files. Consider importing 'PageProps' instead of '@types/PageProps'.
